// Jest Snapshot v1, https://goo.gl/fbAQLP

exports[`Button component renders correctly 1`] = `
<DocumentFragment>
  <button
    type="button"
  >
    test
  </button>
</DocumentFragment>
`;
