// Jest Snapshot v1, https://goo.gl/fbAQLP

exports[`Calculator component renders correctly 1`] = `
<DocumentFragment>
  <div>
    <div
      class="left-text"
    >
      Let's do some math!
    </div>
    <div
      class="calculator"
    >
      <div
        class="screen"
      >
        0
      </div>
      <div
        class="buttons"
      >
        <div
          class="row"
        >
          <button
            class="button"
            type="button"
          >
            AC
          </button>
          <button
            class="button"
            type="button"
          >
            +/-
          </button>
          <button
            class="button"
            type="button"
          >
            %
          </button>
          <button
            class="button operator"
            type="button"
          >
            รท
          </button>
        </div>
        <div
          class="row"
        >
          <button
            class="button"
            type="button"
          >
            7
          </button>
          <button
            class="button"
            type="button"
          >
            8
          </button>
          <button
            class="button"
            type="button"
          >
            9
          </button>
          <button
            class="button operator"
            type="button"
          >
            x
          </button>
        </div>
        <div
          class="row"
        >
          <button
            class="button"
            type="button"
          >
            4
          </button>
          <button
            class="button"
            type="button"
          >
            5
          </button>
          <button
            class="button"
            type="button"
          >
            6
          </button>
          <button
            class="button operator"
            type="button"
          >
            -
          </button>
        </div>
        <div
          class="row"
        >
          <button
            class="button"
            type="button"
          >
            1
          </button>
          <button
            class="button"
            type="button"
          >
            2
          </button>
          <button
            class="button"
            type="button"
          >
            3
          </button>
          <button
            class="button operator"
            type="button"
          >
            +
          </button>
        </div>
        <div
          class="row"
        >
          <button
            class="button"
            type="button"
          >
            0
          </button>
          <button
            class="button"
            type="button"
          >
            .
          </button>
          <button
            class="button operator"
            type="button"
          >
            =
          </button>
        </div>
      </div>
    </div>
  </div>
</DocumentFragment>
`;

exports[`Calculator page component renders correctly 1`] = `
<div>
  <div
    className="left-text"
  >
    Let's do some math!
  </div>
  <div
    className="calculator"
  >
    <div
      className="screen"
    >
      0
    </div>
    <div
      className="buttons"
    >
      <div
        className="row"
      >
        <button
          className="button"
          onClick={[Function]}
          type="button"
        >
          AC
        </button>
        <button
          className="button"
          onClick={[Function]}
          type="button"
        >
          +/-
        </button>
        <button
          className="button"
          onClick={[Function]}
          type="button"
        >
          %
        </button>
        <button
          className="button operator"
          onClick={[Function]}
          type="button"
        >
          รท
        </button>
      </div>
      <div
        className="row"
      >
        <button
          className="button"
          onClick={[Function]}
          type="button"
        >
          7
        </button>
        <button
          className="button"
          onClick={[Function]}
          type="button"
        >
          8
        </button>
        <button
          className="button"
          onClick={[Function]}
          type="button"
        >
          9
        </button>
        <button
          className="button operator"
          onClick={[Function]}
          type="button"
        >
          x
        </button>
      </div>
      <div
        className="row"
      >
        <button
          className="button"
          onClick={[Function]}
          type="button"
        >
          4
        </button>
        <button
          className="button"
          onClick={[Function]}
          type="button"
        >
          5
        </button>
        <button
          className="button"
          onClick={[Function]}
          type="button"
        >
          6
        </button>
        <button
          className="button operator"
          onClick={[Function]}
          type="button"
        >
          -
        </button>
      </div>
      <div
        className="row"
      >
        <button
          className="button"
          onClick={[Function]}
          type="button"
        >
          1
        </button>
        <button
          className="button"
          onClick={[Function]}
          type="button"
        >
          2
        </button>
        <button
          className="button"
          onClick={[Function]}
          type="button"
        >
          3
        </button>
        <button
          className="button operator"
          onClick={[Function]}
          type="button"
        >
          +
        </button>
      </div>
      <div
        className="row"
      >
        <button
          className="button"
          onClick={[Function]}
          type="button"
        >
          0
        </button>
        <button
          className="button"
          onClick={[Function]}
          type="button"
        >
          .
        </button>
        <button
          className="button operator"
          onClick={[Function]}
          type="button"
        >
          =
        </button>
      </div>
    </div>
  </div>
</div>
`;

exports[`Calculator renders correctly 1`] = `
<DocumentFragment>
  <div>
    <div
      class="left-text"
    >
      Let's do some math!
    </div>
    <div
      class="calculator"
    >
      <div
        class="screen"
      >
        0
      </div>
      <div
        class="buttons"
      >
        <div
          class="row"
        >
          <button
            class="button"
            type="button"
          >
            AC
          </button>
          <button
            class="button"
            type="button"
          >
            +/-
          </button>
          <button
            class="button"
            type="button"
          >
            %
          </button>
          <button
            class="button operator"
            type="button"
          >
            รท
          </button>
        </div>
        <div
          class="row"
        >
          <button
            class="button"
            type="button"
          >
            7
          </button>
          <button
            class="button"
            type="button"
          >
            8
          </button>
          <button
            class="button"
            type="button"
          >
            9
          </button>
          <button
            class="button operator"
            type="button"
          >
            x
          </button>
        </div>
        <div
          class="row"
        >
          <button
            class="button"
            type="button"
          >
            4
          </button>
          <button
            class="button"
            type="button"
          >
            5
          </button>
          <button
            class="button"
            type="button"
          >
            6
          </button>
          <button
            class="button operator"
            type="button"
          >
            -
          </button>
        </div>
        <div
          class="row"
        >
          <button
            class="button"
            type="button"
          >
            1
          </button>
          <button
            class="button"
            type="button"
          >
            2
          </button>
          <button
            class="button"
            type="button"
          >
            3
          </button>
          <button
            class="button operator"
            type="button"
          >
            +
          </button>
        </div>
        <div
          class="row"
        >
          <button
            class="button"
            type="button"
          >
            0
          </button>
          <button
            class="button"
            type="button"
          >
            .
          </button>
          <button
            class="button operator"
            type="button"
          >
            =
          </button>
        </div>
      </div>
    </div>
  </div>
</DocumentFragment>
`;

exports[`renders Calculator component correctly 1`] = `
<DocumentFragment>
  <div>
    <div
      class="left-text"
    >
      Let's do some math!
    </div>
    <div
      class="calculator"
    >
      <div
        class="screen"
      >
        0
      </div>
      <div
        class="buttons"
      >
        <div
          class="row"
        >
          <button
            class="button"
            type="button"
          >
            AC
          </button>
          <button
            class="button"
            type="button"
          >
            +/-
          </button>
          <button
            class="button"
            type="button"
          >
            %
          </button>
          <button
            class="button operator"
            type="button"
          >
            รท
          </button>
        </div>
        <div
          class="row"
        >
          <button
            class="button"
            type="button"
          >
            7
          </button>
          <button
            class="button"
            type="button"
          >
            8
          </button>
          <button
            class="button"
            type="button"
          >
            9
          </button>
          <button
            class="button operator"
            type="button"
          >
            x
          </button>
        </div>
        <div
          class="row"
        >
          <button
            class="button"
            type="button"
          >
            4
          </button>
          <button
            class="button"
            type="button"
          >
            5
          </button>
          <button
            class="button"
            type="button"
          >
            6
          </button>
          <button
            class="button operator"
            type="button"
          >
            -
          </button>
        </div>
        <div
          class="row"
        >
          <button
            class="button"
            type="button"
          >
            1
          </button>
          <button
            class="button"
            type="button"
          >
            2
          </button>
          <button
            class="button"
            type="button"
          >
            3
          </button>
          <button
            class="button operator"
            type="button"
          >
            +
          </button>
        </div>
        <div
          class="row"
        >
          <button
            class="button"
            type="button"
          >
            0
          </button>
          <button
            class="button"
            type="button"
          >
            .
          </button>
          <button
            class="button operator"
            type="button"
          >
            =
          </button>
        </div>
      </div>
    </div>
  </div>
</DocumentFragment>
`;

exports[`renders correctly when there are no items 1`] = `
<div>
  <div
    className="left-text"
  >
    Let's do some math!
  </div>
  <div
    className="calculator"
  >
    <div
      className="screen"
    >
      0
    </div>
    <div
      className="buttons"
    >
      <div
        className="row"
      >
        <button
          className="button"
          onClick={[Function]}
          type="button"
        >
          AC
        </button>
        <button
          className="button"
          onClick={[Function]}
          type="button"
        >
          +/-
        </button>
        <button
          className="button"
          onClick={[Function]}
          type="button"
        >
          %
        </button>
        <button
          className="button operator"
          onClick={[Function]}
          type="button"
        >
          รท
        </button>
      </div>
      <div
        className="row"
      >
        <button
          className="button"
          onClick={[Function]}
          type="button"
        >
          7
        </button>
        <button
          className="button"
          onClick={[Function]}
          type="button"
        >
          8
        </button>
        <button
          className="button"
          onClick={[Function]}
          type="button"
        >
          9
        </button>
        <button
          className="button operator"
          onClick={[Function]}
          type="button"
        >
          x
        </button>
      </div>
      <div
        className="row"
      >
        <button
          className="button"
          onClick={[Function]}
          type="button"
        >
          4
        </button>
        <button
          className="button"
          onClick={[Function]}
          type="button"
        >
          5
        </button>
        <button
          className="button"
          onClick={[Function]}
          type="button"
        >
          6
        </button>
        <button
          className="button operator"
          onClick={[Function]}
          type="button"
        >
          -
        </button>
      </div>
      <div
        className="row"
      >
        <button
          className="button"
          onClick={[Function]}
          type="button"
        >
          1
        </button>
        <button
          className="button"
          onClick={[Function]}
          type="button"
        >
          2
        </button>
        <button
          className="button"
          onClick={[Function]}
          type="button"
        >
          3
        </button>
        <button
          className="button operator"
          onClick={[Function]}
          type="button"
        >
          +
        </button>
      </div>
      <div
        className="row"
      >
        <button
          className="button"
          onClick={[Function]}
          type="button"
        >
          0
        </button>
        <button
          className="button"
          onClick={[Function]}
          type="button"
        >
          .
        </button>
        <button
          className="button operator"
          onClick={[Function]}
          type="button"
        >
          =
        </button>
      </div>
    </div>
  </div>
</div>
`;
