// Jest Snapshot v1, https://goo.gl/fbAQLP

exports[`Quote component renders correctly 1`] = `
<DocumentFragment>
  <div
    class="loading"
  >
    Loading
  </div>
</DocumentFragment>
`;
